Note that running a local entrypoint in detached mode only keeps the last triggered Modal function alive after the parent process has been killed or disconnected.
✓ Initialized. View run at 
https://modal.com/apps/junkawasakicom/main/ap-x1bRuxhmNdPIm3ENgmpykL
✓ Created objects.
├── 🔨 Created mount 
│   /Users/junkawasaki/github/com-junkawasaki/orgs/kotoba-lang/typed-decisions/m
│   odal_app.py
├── 🔨 Created mount 
│   /Users/junkawasaki/github/com-junkawasaki/orgs/kotoba-lang/typed-decisions/s
│   rc/typed_decisions
├── 🔨 Created function data_remote.
├── 🔨 Created function encoder_remote.
└── 🔨 Created function dllm_remote.
/usr/local/lib/python3.12/site-packages/transformers/convert_slow_tokenizer.py:566: UserWarning: The sentencepiece tokenizer that you are converting to a fast tokenizer uses the byte fallback option which is not implemented in the fast tokenizers. In practice this means that the fast version of the tokenizer can produce unknown tokens whereas the sentencepiece version would have converted these unknown tokens into a sequence of byte tokens matching the original piece of text.
  warnings.warn(
/usr/local/lib/python3.12/site-packages/torch/jit/_script.py:1491: FutureWarning: `torch.jit.script` is deprecated. Please switch to `torch.compile` or `torch.export`.
  warnings.warn(
/root/typed_decisions/train_encoder.py:123: UserWarning: Converting a tensor with requires_grad=True to a scalar may lead to unexpected behavior.
Consider using tensor.detach() first. (Triggered internally at /__w/pytorch/pytorch/torch/csrc/autograd/generated/python_variable_methods.cpp:820.)
  losses.append((step, float(loss), info["ce"], info["brier"]))
step 0/1875 loss 1.5541 ce 0.9681 brier 0.5860 lr 3.57e-07
step 50/1875 loss 1.7479 ce 1.1194 brier 0.6285 lr 9.29e-06
step 100/1875 loss 1.5243 ce 0.9556 brier 0.5687 lr 1.82e-05
step 150/1875 loss 1.5106 ce 0.9300 brier 0.5805 lr 1.96e-05
step 200/1875 loss 1.0828 ce 0.6935 brier 0.3893 lr 1.90e-05
step 250/1875 loss 1.2953 ce 0.8050 brier 0.4903 lr 1.84e-05
step 300/1875 loss 1.7200 ce 1.0805 brier 0.6395 lr 1.79e-05
step 350/1875 loss 0.7035 ce 0.4766 brier 0.2268 lr 1.73e-05
step 400/1875 loss 0.8434 ce 0.5531 brier 0.2903 lr 1.67e-05
step 450/1875 loss 1.0080 ce 0.6896 brier 0.3184 lr 1.62e-05
step 500/1875 loss 1.5702 ce 0.9844 brier 0.5858 lr 1.56e-05
step 550/1875 loss 1.0915 ce 0.7032 brier 0.3883 lr 1.50e-05
step 600/1875 loss 0.6939 ce 0.4807 brier 0.2132 lr 1.45e-05
step 650/1875 loss 1.2590 ce 0.8419 brier 0.4171 lr 1.39e-05
step 700/1875 loss 0.9670 ce 0.6272 brier 0.3398 lr 1.33e-05
step 750/1875 loss 1.0091 ce 0.6537 brier 0.3555 lr 1.28e-05
step 800/1875 loss 1.3729 ce 0.9168 brier 0.4560 lr 1.22e-05
step 850/1875 loss 2.0855 ce 1.3722 brier 0.7133 lr 1.16e-05
step 900/1875 loss 1.3230 ce 0.8963 brier 0.4267 lr 1.10e-05
step 950/1875 loss 0.4775 ce 0.3295 brier 0.1480 lr 1.05e-05
step 1000/1875 loss 0.4593 ce 0.3020 brier 0.1573 lr 9.91e-06
step 1050/1875 loss 1.0308 ce 0.6426 brier 0.3882 lr 9.35e-06
step 1100/1875 loss 1.1781 ce 0.7348 brier 0.4433 lr 8.78e-06
step 1150/1875 loss 1.0364 ce 0.6368 brier 0.3996 lr 8.21e-06
step 1200/1875 loss 1.2178 ce 0.8183 brier 0.3995 lr 7.65e-06
step 1250/1875 loss 0.6213 ce 0.4044 brier 0.2169 lr 7.08e-06
step 1300/1875 loss 1.4812 ce 0.9267 brier 0.5545 lr 6.51e-06
step 1350/1875 loss 0.8035 ce 0.4957 brier 0.3078 lr 5.94e-06
step 1400/1875 loss 1.6120 ce 1.0720 brier 0.5400 lr 5.38e-06
step 1450/1875 loss 0.5341 ce 0.3274 brier 0.2067 lr 4.81e-06
step 1500/1875 loss 0.9204 ce 0.5750 brier 0.3454 lr 4.24e-06
step 1550/1875 loss 1.1735 ce 0.7633 brier 0.4102 lr 3.68e-06
step 1600/1875 loss 0.6939 ce 0.4668 brier 0.2271 lr 3.11e-06
step 1650/1875 loss 1.2086 ce 0.7980 brier 0.4106 lr 2.54e-06
step 1700/1875 loss 0.7985 ce 0.4781 brier 0.3203 lr 1.97e-06
step 1750/1875 loss 0.8242 ce 0.5542 brier 0.2700 lr 1.41e-06
step 1800/1875 loss 1.2029 ce 0.7435 brier 0.4594 lr 8.39e-07
step 1850/1875 loss 0.5865 ce 0.3651 brier 0.2214 lr 2.72e-07
{
 "backbone": "encoder",
 "model": "microsoft/deberta-v3-large",
 "args": {
  "model": "microsoft/deberta-v3-large",
  "data": "/cache/data-code",
  "out": "/cache/runs/encoder-20260918-074623",
  "epochs": 1.0,
  "batch": 16,
  "lr": 2e-05,
  "head_lr": 0.001,
  "warmup": 0.06,
  "brier_weight": 1.0,
  "max_state": 160,
  "max_len": 512,
  "limit": 30000,
  "test_limit": 3000,
  "device": "cuda",
  "eval_batch": 32,
  "bench_n": "1,10",
  "seed": 0,
  "save": false,
  "tiny": false,
  "pool": "span",
  "no_amp": false,
  "attn": "eager",
  "reference_compile": "auto"
 },
 "device": "cuda",
 "reference_compile": null,
 "params_total": 437159937,
 "data": {
  "train_states": 30000,
  "train_questions": 44914,
  "test_states": 3000,
  "test_questions": 4536,
  "val_states": 400
 },
 "autocast_bf16": true,
 "metrics_train_subset": {
  "all": {
   "n": 297,
   "acc": 0.8215488215488216,
   "brier": 0.23901778940806262,
   "nll": 0.43462836355558826,
   "ece": 0.04503035851399907,
   "mean_conf": 0.8073677816475281
  },
  "code-noul/noul": {
   "n": 194,
   "acc": 0.8814432989690721,
   "brier": 0.16007316872590518,
   "nll": 0.24802432352211556,
   "ece": 0.03200323772184631,
   "mean_conf": 0.8756301344669971,
   "noul_brier": 0.08003658442775019
  },
  "code/choice": {
   "n": 103,
   "acc": 0.7087378640776699,
   "brier": 0.38770959923659226,
   "nll": 0.7860961671137796,
   "ece": 0.0918550319173961,
   "mean_conf": 0.6787959714827029
  },
  "kind=choice": {
   "n": 103,
   "acc": 0.7087378640776699,
   "brier": 0.38770959923659226,
   "nll": 0.7860961671137796,
   "ece": 0.0918550319173961,
   "mean_conf": 0.6787959714827029
  },
  "kind=noul": {
   "n": 194,
   "acc": 0.8814432989690721,
   "brier": 0.16007316872590518,
   "nll": 0.24802432352211556,
   "ece": 0.03200323772184631,
   "mean_conf": 0.8756301344669971,
   "noul_brier": 0.08003658442775019
  },
  "source=code": {
   "n": 103,
   "acc": 0.7087378640776699,
   "brier": 0.38770959923659226,
   "nll": 0.7860961671137796,
   "ece": 0.0918550319173961,
   "mean_conf": 0.6787959714827029
  },
  "source=code-noul": {
   "n": 194,
   "acc": 0.8814432989690721,
   "brier": 0.16007316872590518,
   "nll": 0.24802432352211556,
   "ece": 0.03200323772184631,
   "mean_conf": 0.8756301344669971,
   "noul_brier": 0.08003658442775019
  }
 },
 "temperature": 1.3,
 "eval_wall_s": 5.044935941696167,
 "metrics_T1": {
  "all": {
   "n": 4536,
   "acc": 0.7537477954144621,
   "brier": 0.32428776766222794,
   "nll": 0.5768192929094871,
   "ece": 0.04670445392042976,
   "mean_conf": 0.7993573993542995
  },
  "code-noul/noul": {
   "n": 3072,
   "acc": 0.8089192708333334,
   "brier": 0.2537466305926882,
   "nll": 0.392456504033132,
   "ece": 0.05235544597962875,
   "mean_conf": 0.8612747168129621,
   "noul_brier": 0.12687331530565557
  },
  "code/choice": {
   "n": 1464,
   "acc": 0.6379781420765027,
   "brier": 0.4723085142999506,
   "nll": 0.9636789154697075,
   "ece": 0.039408972873632375,
   "mean_conf": 0.6694325364902208
  },
  "kind=choice": {
   "n": 1464,
   "acc": 0.6379781420765027,
   "brier": 0.4723085142999506,
   "nll": 0.9636789154697075,
   "ece": 0.039408972873632375,
   "mean_conf": 0.6694325364902208
  },
  "kind=noul": {
   "n": 3072,
   "acc": 0.8089192708333334,
   "brier": 0.2537466305926882,
   "nll": 0.392456504033132,
   "ece": 0.05235544597962875,
   "mean_conf": 0.8612747168129621,
   "noul_brier": 0.12687331530565557
  },
  "source=code": {
   "n": 1464,
   "acc": 0.6379781420765027,
   "brier": 0.4723085142999506,
   "nll": 0.9636789154697075,
   "ece": 0.039408972873632375,
   "mean_conf": 0.6694325364902208
  },
  "source=code-noul": {
   "n": 3072,
   "acc": 0.8089192708333334,
   "brier": 0.2537466305926882,
   "nll": 0.392456504033132,
   "ece": 0.05235544597962875,
   "mean_conf": 0.8612747168129621,
   "noul_brier": 0.12687331530565557
  }
 },
 "metrics_Tfit": {
  "all": {
   "n": 4536,
   "acc": 0.7537477954144621,
   "brier": 0.3202016311409403,
  
saved reports/code-deb-large-1ep-20260918-164945.json
✓ App completed. View run at 
https://modal.com/apps/junkawasakicom/main/ap-x1bRuxhmNdPIm3ENgmpykL
