Note that running a local entrypoint in detached mode only keeps the last triggered Modal function alive after the parent process has been killed or disconnected.
✓ Initialized. View run at 
https://modal.com/apps/junkawasakicom/main/ap-eQ7RMeb8DzxwYSCaKsM3NP
✓ Created objects.
├── 🔨 Created mount 
│   /Users/junkawasaki/github/com-junkawasaki/orgs/kotoba-lang/typed-decisions/m
│   odal_app.py
├── 🔨 Created mount 
│   /Users/junkawasaki/github/com-junkawasaki/orgs/kotoba-lang/typed-decisions/s
│   rc/typed_decisions
├── 🔨 Created function data_remote.
├── 🔨 Created function encoder_remote.
└── 🔨 Created function dllm_remote.
/usr/local/lib/python3.12/site-packages/transformers/convert_slow_tokenizer.py:566: UserWarning: The sentencepiece tokenizer that you are converting to a fast tokenizer uses the byte fallback option which is not implemented in the fast tokenizers. In practice this means that the fast version of the tokenizer can produce unknown tokens whereas the sentencepiece version would have converted these unknown tokens into a sequence of byte tokens matching the original piece of text.
  warnings.warn(
/usr/local/lib/python3.12/site-packages/torch/jit/_script.py:1491: FutureWarning: `torch.jit.script` is deprecated. Please switch to `torch.compile` or `torch.export`.
  warnings.warn(
/root/typed_decisions/train_encoder.py:123: UserWarning: Converting a tensor with requires_grad=True to a scalar may lead to unexpected behavior.
Consider using tensor.detach() first. (Triggered internally at /__w/pytorch/pytorch/torch/csrc/autograd/generated/python_variable_methods.cpp:820.)
  losses.append((step, float(loss), info["ce"], info["brier"]))
step 0/1125 loss 2.5136 ce 1.7832 brier 0.7304 lr 5.97e-07
step 50/1125 loss 1.2317 ce 0.8437 brier 0.3880 lr 1.55e-05
step 100/1125 loss 0.7111 ce 0.4564 brier 0.2547 lr 1.94e-05
step 150/1125 loss 0.7491 ce 0.4984 brier 0.2508 lr 1.84e-05
step 200/1125 loss 1.2148 ce 0.7663 brier 0.4485 lr 1.75e-05
step 250/1125 loss 0.7237 ce 0.4449 brier 0.2787 lr 1.65e-05
step 300/1125 loss 1.1730 ce 0.7401 brier 0.4329 lr 1.56e-05
step 350/1125 loss 0.7591 ce 0.4705 brier 0.2886 lr 1.46e-05
step 400/1125 loss 1.7289 ce 1.2938 brier 0.4352 lr 1.37e-05
