Note that running a local entrypoint in detached mode only keeps the last triggered Modal function alive after the parent process has been killed or disconnected.
✓ Initialized. View run at 
https://modal.com/apps/junkawasakicom/main/ap-VURhhi765xhWeMHA4dy09k
✓ Created objects.
├── 🔨 Created mount 
│   /Users/junkawasaki/github/com-junkawasaki/orgs/kotoba-lang/typed-decisions/m
│   odal_app.py
├── 🔨 Created mount 
│   /Users/junkawasaki/github/com-junkawasaki/orgs/kotoba-lang/typed-decisions/s
│   rc/typed_decisions
├── 🔨 Created function data_remote.
├── 🔨 Created function encoder_remote.
└── 🔨 Created function dllm_remote.

[1ALoading checkpoint shards:   0%|          | 0/3 [00:00<?, ?it/s]
[1ALoading checkpoint shards:  33%|███▎      | 1/3 [00:01<00:02,  1.11s/it]
[1ALoading checkpoint shards:  67%|██████▋   | 2/3 [00:08<00:04,  4.61s/it]
[1ALoading checkpoint shards: 100%|██████████| 3/3 [00:09<00:00,  2.97s/it]
[1ALoading checkpoint shards: 100%|██████████| 3/3 [00:09<00:00,  3.06s/it]
Please note that, unlike autoregressive models, LLaDA MoE employs a bidirectional attention mechanism. In the forward code in modeling_lladamoe.py, we set both attention_mask and causal_mask to None, which affects the default causal attention and causes the input attention_mask parameter to become ineffective. If you pass an attention mask and expect the model to use it for computing other attention mechanisms, it may lead to logits and aux_loss returned by the model being inconsistent with your expectations. 
/root/typed_decisions/train_dllm.py:160: UserWarning: Converting a tensor with requires_grad=True to a scalar may lead to unexpected behavior.
Consider using tensor.detach() first. (Triggered internally at /__w/pytorch/pytorch/torch/csrc/autograd/generated/python_variable_methods.cpp:820.)
  acc_loss += float(loss) / a.grad_accum
step 0/750 loss 1.8780 ce 1.2820 brier 0.5960 lr 4.44e-06
step 20/750 loss 0.8604 ce 0.5483 brier 0.3121 lr 4.89e-05
step 40/750 loss 0.9839 ce 0.6233 brier 0.3605 lr 9.33e-05
step 60/750 loss 0.6415 ce 0.4092 brier 0.2324 lr 9.77e-05
step 80/750 loss 0.9597 ce 0.6407 brier 0.3190 lr 9.49e-05
step 100/750 loss 0.5021 ce 0.3367 brier 0.1655 lr 9.21e-05
step 120/750 loss 1.7963 ce 1.1893 brier 0.6069 lr 8.92e-05
step 140/750 loss 0.4616 ce 0.3149 brier 0.1466 lr 8.64e-05
step 160/750 loss 1.4588 ce 1.0770 brier 0.3818 lr 8.35e-05
step 180/750 loss 0.5237 ce 0.3461 brier 0.1776 lr 8.07e-05
step 200/750 loss 0.4470 ce 0.2824 brier 0.1646 lr 7.79e-05
step 220/750 loss 1.9453 ce 1.4683 brier 0.4770 lr 7.50e-05
step 240/750 loss 0.7948 ce 0.5304 brier 0.2644 lr 7.22e-05
step 260/750 loss 0.6364 ce 0.3916 brier 0.2448 lr 6.94e-05
step 280/750 loss 0.4348 ce 0.2823 brier 0.1525 lr 6.65e-05
step 300/750 loss 1.4182 ce 0.9717 brier 0.4465 lr 6.37e-05
step 320/750 loss 0.3230 ce 0.2111 brier 0.1119 lr 6.09e-05
step 340/750 loss 1.0063 ce 0.7053 brier 0.3010 lr 5.80e-05
step 360/750 loss 1.6539 ce 1.1214 brier 0.5324 lr 5.52e-05
step 380/750 loss 0.3883 ce 0.2388 brier 0.1495 lr 5.23e-05
step 400/750 loss 0.2695 ce 0.1804 brier 0.0891 lr 4.95e-05
step 420/750 loss 1.5646 ce 0.9912 brier 0.5734 lr 4.67e-05
step 440/750 loss 0.5610 ce 0.4000 brier 0.1609 lr 4.38e-05
step 460/750 loss 1.1502 ce 0.7441 brier 0.4061 lr 4.10e-05
step 480/750 loss 0.0847 ce 0.0624 brier 0.0223 lr 3.82e-05
step 500/750 loss 0.1972 ce 0.1264 brier 0.0709 lr 3.53e-05
step 520/750 loss 0.3628 ce 0.2413 brier 0.1215 lr 3.25e-05
step 540/750 loss 1.1490 ce 0.7640 brier 0.3850 lr 2.96e-05
step 560/750 loss 0.2223 ce 0.1398 brier 0.0825 lr 2.68e-05
step 580/750 loss 0.3445 ce 0.2244 brier 0.1201 lr 2.40e-05
step 600/750 loss 0.8365 ce 0.5190 brier 0.3175 lr 2.11e-05
step 620/750 loss 0.7079 ce 0.4432 brier 0.2646 lr 1.83e-05
step 640/750 loss 0.4770 ce 0.3180 brier 0.1591 lr 1.55e-05
step 660/750 loss 1.1169 ce 0.7025 brier 0.4144 lr 1.26e-05
step 680/750 loss 0.4194 ce 0.2722 brier 0.1472 lr 9.79e-06
step 700/750 loss 0.4220 ce 0.2632 brier 0.1588 lr 6.95e-06
step 720/750 loss 1.4046 ce 0.9773 brier 0.4274 lr 4.11e-06
step 740/750 loss 0.6963 ce 0.4631 brier 0.2332 lr 1.28e-06
{
 "backbone": "dllm",
 "model": "inclusionAI/LLaDA-MoE-7B-A1B-Instruct",
 "args": {
  "model": "inclusionAI/LLaDA-MoE-7B-A1B-Instruct",
  "data": "/cache/data",
  "out": "/cache/runs/dllm-20260918-073424",
  "epochs": 1.0,
  "batch": 8,
  "grad_accum": 1,
  "lr": 0.0001,
  "warmup": 0.06,
  "brier_weight": 1.0,
  "max_state": 512,
  "lora_r": 16,
  "lora_alpha": 32,
  "no_lora": false,
  "limit": 6000,
  "test_limit": 1500,
  "device": "cuda",
  "dtype": "bfloat16",
  "eval_batch": 8,
  "bench_n": "1,10,100",
  "eval_steps": "1",
  "skip_zero_shot": true,
  "seed": 0,
  "tiny": false
 },
 "device": "cuda",
 "alphabet_size": 240,
 "mask_id": 156895,
 "params_total": 7356880896,
 "data": {
  "train_states": 6000,
  "train_questions": 14020,
  "test_states": 1500,
  "test_questions": 3508,
  "val_states": 375
 },
 "autocast_bf16": false,
 "lora_targets": [
  "down_proj",
  "gate_proj",
  "k_proj",
  "o_proj",
  "q_proj",
  "up_proj",
  "v_proj"
 ],
 "params_trainable": 155189248,
 "metrics_train_subset": {
  "all": {
   "n": 472,
   "acc": 0.9004237288135594,
   "brier": 0.15747800662535413,
   "nll": 0.2880494195920704,
   "ece": 0.028838135049504717,
   "mean_conf": 0.8771532752503783
  },
  "banking77/choice": {
   "n": 132,
   "acc": 0.9393939393939394,
   "brier": 0.08930188757390903,
   "nll": 0.2145226696983443,
   "ece": 0.0435381068876295,
   "mean_conf": 0.931105510980794
  },
  "banking77/noul": {
   "n": 66,
   "acc": 0.9696969696969697,
   "brier": 0.046375912433850294,
   "nll": 0.088184762951249,
   "ece": 0.041743628906481166,
   "mean_conf": 0.9607849084969723,
   "noul_brier": 0.023187956739400748
  },
  "boolq/noul": {
   "n": 64,
   "acc": 0.953125,
   "brier": 0.08745390559641339,
   "nll": 0.1728772961019949,
   "ece": 0.035246453247964375,
   "mean_conf": 0.9250698769465089,
   "noul_brier": 0.04372695322169026
  },
  "kind=choice": {
   "n": 202,
   "acc": 0.9207920792079208,
   "brier": 0.12674617671943852,
   "nll": 0.25725138816643967,
   "ece": 0.029127937584820313,
   "mean_conf": 0.9050437526242567
  },
  "kind=noul": {
   "n": 200,
   "acc": 0.96,
   "brier": 0.07349524745650357,
   "nll": 0.13808033587752513,
   "ece": 0.031733310520648976,
   "mean_conf": 0.9407943966984749,
   "noul_brier": 0.03674762395022423
  },
  "kind=score": {
   "n": 70,
   "acc": 0.6714285714285714,
   "brier": 0.48611202769342654,
   "nll": 0.8054068351761626,
   "ece": 0.10999004883425575,
   "mean_conf": 0.6148375506911959,
   "score_mae": 0.40173178866804976
  },
  "source=banking77": {
   "n": 198,
   "acc": 0.9494949494949495,
   "brier": 0.07499322919388944,
   "nll": 0.1724100341159792,
   "ece": 0.03200109844858002,
   "mean_conf": 0.9409986434861867
  },
  "source=boolq": {
   "n": 64,
   "acc": 0.953125,
   "brier": 0.08745390559641339,
   "nll": 0.1728772961019949,
   "ece": 0.035246453247964375,
   "mean_conf": 0.9250698769465089,
   "noul_brier": 0.04372695322169026
  },
  "source=sst5": {
   "n": 210,
   "acc": 0.8380952380952381,
   "brier": 0.2565900466124123,
   "nll": 0.4321809159141223,
   "ece": 0.07498164361431485,
   "mean_conf": 0.8023530589682716
  },
  "sst5/choice": {
   "n": 70,
   "acc": 0.8857142857142857,
   "brier": 0.19735540767957985,
   "nll": 0.33782554299199097,
   "ece": 0.08546146665300641,
   "mean_conf": 0.855898722580501
  },
  "sst5/noul": {
   "n": 70,
   "acc": 0.9571428571428572,
   "brier": 0.08630270446423054,
   "nll": 0.15331036957421315,
   "ece": 0.06094732284545897,
   "mean_conf": 0.9363229036331177,
   "noul_brier": 0.04315135198651743
  },
  "sst5/score": {
   "n": 70,
   "acc": 0.6714285714285714,
   "brier": 0.48611202769342654,
   "nll": 0.8054068351761626,
   "ece": 0.10999004883425575,
   "mean_conf": 0.6148375506911959,
   "score_mae": 0.40173178866804976
  }
 },
 "temperature": 1.05,
 "metrics_trained_steps1_T1": {
  "all": {
   "n": 3508,
   "acc": 0.8372291904218928,
   "brier": 0.22648520782862097,
   "nll": 0.4322081407875802,
   "ece": 0.0192699566135180
saved reports/ood-dllm-6k-1ep-20260918-171332.json
✓ App completed. View run at 
https://modal.com/apps/junkawasakicom/main/ap-VURhhi765xhWeMHA4dy09k
