Note that running a local entrypoint in detached mode only keeps the last triggered Modal function alive after the parent process has been killed or disconnected.
✓ Initialized. View run at 
https://modal.com/apps/junkawasakicom/main/ap-h9OrnEEk2gNnbmwiQqqoDT
✓ Created objects.
├── 🔨 Created mount 
│   /Users/junkawasaki/github/com-junkawasaki/orgs/kotoba-lang/typed-decisions/m
│   odal_app.py
├── 🔨 Created mount 
│   /Users/junkawasaki/github/com-junkawasaki/orgs/kotoba-lang/typed-decisions/s
│   rc/typed_decisions
├── 🔨 Created function data_remote.
├── 🔨 Created function encoder_remote.
└── 🔨 Created function dllm_remote.
Traceback (most recent call last):
  File "/pkg/modal/_runtime/container_io_manager.py", line 945, in handle_input_exception
    yield
  File "/pkg/modal/_container_entrypoint.py", line 189, in run_input_sync
    values = io_context.call_function_sync()
             ^^^^^^^^^^^^^^^^^^^^^^^^^^^^^^^
  File "/pkg/modal/_runtime/container_io_manager.py", line 225, in call_function_sync
    expected_value_or_values = self.finalized_function.callable(*args, **kwargs)
                               ^^^^^^^^^^^^^^^^^^^^^^^^^^^^^^^^^^^^^^^^^^^^^^^^^
  File "/root/modal_app.py", line 59, in encoder_remote
    rep = train_encoder.main(["--data", DATA, "--out", d, "--device", "cuda"] + argv)
          ^^^^^^^^^^^^^^^^^^^^^^^^^^^^^^^^^^^^^^^^^^^^^^^^^^^^^^^^^^^^^^^^^^^^^^^^^^^
  File "/root/typed_decisions/train_encoder.py", line 66, in main
    tok = load_tokenizer(a.model)
          ^^^^^^^^^^^^^^^^^^^^^^^
  File "/root/typed_decisions/encoder.py", line 66, in load_tokenizer
    tok = AutoTokenizer.from_pretrained(name)
          ^^^^^^^^^^^^^^^^^^^^^^^^^^^^^^^^^^^
  File "/usr/local/lib/python3.12/site-packages/transformers/models/auto/tokenization_auto.py", line 1175, in from_pretrained
    return tokenizer_class_fast.from_pretrained(pretrained_model_name_or_path, *inputs, **kwargs)
           ^^^^^^^^^^^^^^^^^^^^^^^^^^^^^^^^^^^^^^^^^^^^^^^^^^^^^^^^^^^^^^^^^^^^^^^^^^^^^^^^^^^^^^
  File "/usr/local/lib/python3.12/site-packages/transformers/tokenization_utils_base.py", line 2113, in from_pretrained
    return cls._from_pretrained(
           ^^^^^^^^^^^^^^^^^^^^^
  File "/usr/local/lib/python3.12/site-packages/transformers/tokenization_utils_base.py", line 2359, in _from_pretrained
    tokenizer = cls(*init_inputs, **init_kwargs)
                ^^^^^^^^^^^^^^^^^^^^^^^^^^^^^^^^
  File "/usr/local/lib/python3.12/site-packages/transformers/models/deberta_v2/tokenization_deberta_v2_fast.py", line 103, in __init__
    super().__init__(
  File "/usr/local/lib/python3.12/site-packages/transformers/tokenization_utils_fast.py", line 139, in __init__
    fast_tokenizer = convert_slow_tokenizer(self, from_tiktoken=True)
                     ^^^^^^^^^^^^^^^^^^^^^^^^^^^^^^^^^^^^^^^^^^^^^^^^
  File "/usr/local/lib/python3.12/site-packages/transformers/convert_slow_tokenizer.py", line 1857, in convert_slow_tokenizer
    elif transformer_tokenizer.vocab_file.endswith("tekken.json"):
         ^^^^^^^^^^^^^^^^^^^^^^^^^^^^^^^^^^^^^^^^^
AttributeError: 'NoneType' object has no attribute 'endswith'
╭───────────────────── Traceback (most recent call last) ──────────────────────╮
│ /Users/junkawasaki/github/com-junkawasaki/orgs/kotoba-lang/typed-decisions/m │
│ odal_app.py:103 in encoder                                                   │
│                                                                              │
│   102 │   │   argv += ["--test-limit", str(test_limit)]                      │
│ ❱ 103 │   rep = encoder_remote.remote(argv)                                  │
│   104 │   _save(rep, name)                                                   │
│                                                                              │
│ /Users/junkawasaki/.local/pipx/venvs/modal/lib/python3.14/site-packages/moda │
│ l/_object.py:46 in wrapped                                                   │
│                                                                              │
│    45 │   │   await self.hydrate()                                           │
│ ❱  46 │   │   return await method(self, *args, **kwargs)                     │
│    47                                                                        │
│                                                                              │
│ /Users/junkawasaki/.local/pipx/venvs/modal/lib/python3.14/site-packages/moda │
│ l/_functions.py:1696 in remote                                               │
│                                                                              │
│   1695 │   │                                                                 │
│ ❱ 1696 │   │   return await self._call_function(args, kwargs)                │
│   1697                                                                       │
│                                                                              │
│ /Users/junkawasaki/.local/pipx/venvs/modal/lib/python3.14/site-packages/moda │
│ l/_functions.py:1640 in _call_function                                       │
│                                                                              │
│   1639 │   │                                                                 │
│ ❱ 1640 │   │   return await invocation.run_function()                        │
│   1641                                                                       │
│                                                                              │
│ /Users/junkawasaki/.local/pipx/venvs/modal/lib/python3.14/site-packages/moda │
│ l/_functions.py:493 in run_function                                          │
│                                                                              │
│    492 │   │   │   # No more retries left.                                   │
│ ❱  493 │   │   │   return await _process_result(                             │
│    494 │   │   │   │   await_response.output.result, await_response.output.d │
│                                                                              │
│ /Users/junkawasaki/.local/pipx/venvs/modal/lib/python3.14/site-packages/moda │
│ l/_utils/function_utils.py:548 in _process_result                            │
│                                                                              │
│   547 │   │   │                                                              │
│ ❱ 548 │   │   │   raise exc_with_hints(exc)                                  │
│   549                                                                        │
│                                                                              │
│     ...Remote call to Modal Function (ta-01M2SJER372SBQT5EZDFNJXX9R)...      │
│                                                                              │
│ /root/modal_app.py:59 in encoder_remote                                      │
│                                                                              │
│ ❱ 59 rep = train_encoder.main(["--data", DATA, "--out", d, "--device", "cuda │
│                                                                              │
│                                                                              │
│ /root/typed_decisions/train_encoder.py:66 in main                            │
│                                                                              │
│ ❱ 66 tok = load_tokenizer(a.model)                                           │
│                                                                              │
│                                                                              │
│ /root/typed_decisions/encoder.py:66 in load_tokenizer                        │
│                                                                              │
│ ❱ 66 tok = AutoTokenizer.from_pretrained(name)                               │
│                                                                              │
│                                                                              │
│ /usr/local/lib/python3.12/site-packages/transformers/models/auto/tokenizatio │
│ n_auto.py:1175 in from_pretrained                                            │
│                                                                              │
│ ❱ 1175 return tokenizer_class_fast.from_pretrained(pretrained_model_name_or_ │
│                                                                              │
│                                                                              │
│ /usr/local/lib/python3.12/site-packages/transformers/tokenization_utils_base │
│ .py:2113 in from_pretrained                                                  │
│                                                                              │
│ ❱ 2113 return cls._from_pretrained(                                          │
│                                                                              │
│                                                                              │
│ /usr/local/lib/python3.12/site-packages/transformers/tokenization_utils_base │
│ .py:2359 in _from_pretrained                                                 │
│                                                                              │
│ ❱ 2359 tokenizer = cls(*init_inputs, **init_kwargs)                          │
│                                                                              │
│                                                                              │
│ /usr/local/lib/python3.12/site-packages/transformers/models/deberta_v2/token │
│ ization_deberta_v2_fast.py:103 in __init__                                   │
│                                                                              │
│ ❱ 103 super().__init__(                                                      │
│                                                                              │
│                                                                              │
│ /usr/local/lib/python3.12/site-packages/transformers/tokenization_utils_fast │
│ .py:139 in __init__                                                          │
│                                                                              │
│ ❱ 139 fast_tokenizer = convert_slow_tokenizer(self, from_tiktoken=True)      │
│                                                                              │
│                                                                              │
│ /usr/local/lib/python3.12/site-packages/transformers/convert_slow_tokenizer. │
│ py:1857 in convert_slow_tokenizer                                            │
│                                                                              │
│ ❱ 1857 elif transformer_tokenizer.vocab_file.endswith("tekken.json"):        │
│                                                                              │
╰──────────────────────────────────────────────────────────────────────────────╯
AttributeError: 'NoneType' object has no attribute 'endswith'
